[2026-03-14 10:46:52] Starting backup to C:\xampp\htdocs\ersan_elk\backups\backup_ersantrc_personel_2026-03-14_10-46-52.sql
[2026-03-14 10:46:58] SUCCESS: Backup created successfully.
[2026-03-14 10:46:58] Backup process finished.
[2026-04-01 07:46:56] --- BACKUP CRON STARTED ---
[2026-04-01 07:46:56] Executing backup for database: ersantrc_personel
[2026-04-01 07:46:56] Target file: C:\xampp\htdocs\ersan_elk\backups\backup_ersantrc_personel_2026-04-01_07-46-56.sql
[2026-04-01 07:47:04] SUCCESS: Backup created successfully. Size: 53022.44 KB
[2026-04-01 07:47:04] Rotated old backup: backup_ersantrc_personel_2026-03-14_10-46-52.sql
[2026-04-01 07:47:04] Retention: Keep last 7 days. Deleted 1 old files.
[2026-04-01 07:47:04] --- BACKUP CRON FINISHED ---
[2026-04-01 07:47:33] --- BACKUP CRON STARTED ---
[2026-04-01 07:47:33] Executing backup for database: ersantrc_personel
[2026-04-01 07:47:33] Target file: C:\xampp\htdocs\ersan_elk\backups\backup_ersantrc_personel_2026-04-01_07-47-33.sql
[2026-04-01 07:47:41] SUCCESS: Backup created successfully. Size: 53022.44 KB
[2026-04-01 07:47:41] Retention: Keep last 7 days. Deleted 0 old files.
[2026-04-01 07:47:41] --- BACKUP CRON FINISHED ---
[2026-04-01 07:51:30] --- BACKUP CRON STARTED ---
[2026-04-01 07:51:30] Executing backup for database: ersantrc_personel
[2026-04-01 07:51:30] Target file: C:\xampp\htdocs\ersan_elk\backups\backup_ersantrc_personel_2026-04-01_07-51-30.sql
[2026-04-01 07:51:37] SQL Dump success (53022.66 KB). Compressing...
[2026-04-01 07:51:40] SUCCESS: Backup compressed to ZIP (5709.01 KB). Save ratio: 89.2%
[2026-04-01 07:51:40] Retention: Keep last 7 days. Deleted 0 old files.
[2026-04-01 07:51:40] --- BACKUP CRON FINISHED ---
[2026-04-22 15:08:02] --- BACKUP CRON STARTED ---
[2026-04-22 15:08:02] Executing backup for database: ersantrc_personel
[2026-04-22 15:08:02] Target file: C:\xampp\htdocs\ersan_elk\backups\backup_ersantrc_personel_2026-04-22_15-08-02.sql
[2026-04-22 15:08:16] SQL Dump success (103800.89 KB). Compressing...
[2026-04-22 15:08:21] SUCCESS: Backup compressed to ZIP (11461.7 KB). Save ratio: 89%
[2026-04-22 15:08:21] Retention: Keep last 7 days. Deleted 0 old files.
[2026-04-22 15:08:21] --- BACKUP CRON FINISHED ---
[2026-08-02 11:08:45] [INFO] --- YEDEKLEME BASLADI (tur: tam, vt: ersantrc_personel) ---
[2026-08-02 11:09:05] [INFO] Yedek olusturuldu: tam_ersantrc_personel_2026-08-02_11-08-45.sql.gz (7.84 MB, 390,591 satir, 20 sn)
[2026-08-02 11:09:05] [INFO] Rotasyon: 0 eski yedek silindi.
[2026-08-02 11:09:05] [INFO] --- YEDEKLEME BITTI ---
[2026-08-02 11:10:14] [INFO] --- YEDEKLEME BASLADI (tur: artimli, vt: ersantrc_personel) ---
[2026-08-02 11:10:17] [INFO] Yedek olusturuldu: artimli_ersantrc_personel_2026-08-02_11-10-14.sql.gz (1.45 MB, 78,603 satir, 3.1 sn)
[2026-08-02 11:10:17] [INFO] Rotasyon: 0 eski yedek silindi.
[2026-08-02 11:10:17] [INFO] --- YEDEKLEME BITTI ---
[2026-08-02 11:11:20] [INFO] --- YEDEKLEME BASLADI (tur: tam, vt: ersantrc_personel) ---
[2026-08-02 11:11:33] [INFO] Yedek olusturuldu: tam_ersantrc_personel_2026-08-02_12-11-20.sql.gz (7.84 MB, 390,593 satir, 12.7 sn)
[2026-08-02 11:11:33] [INFO] Rotasyon: 0 eski yedek silindi.
[2026-08-02 11:11:33] [INFO] --- YEDEKLEME BITTI ---
[2026-08-02 11:11:33] [INFO] --- YEDEKLEME BASLADI (tur: artimli, vt: ersantrc_personel) ---
[2026-08-02 11:11:36] [INFO] Yedek olusturuldu: artimli_ersantrc_personel_2026-08-02_12-11-33.sql.gz (1.45 MB, 78,603 satir, 3.3 sn)
[2026-08-02 11:11:36] [INFO] Rotasyon: 0 eski yedek silindi.
[2026-08-02 11:11:36] [INFO] --- YEDEKLEME BITTI ---
[2026-08-02 11:15:36] [INFO] --- YEDEKLEME BASLADI (tur: artimli, vt: ersantrc_personel) ---
[2026-08-02 11:15:42] [INFO] Yedek olusturuldu: artimli_ersantrc_personel_2026-08-02_12-15-36.sql.gz (1.45 MB, 78,604 satir, 6.3 sn)
[2026-08-02 11:15:42] [INFO] Rotasyon: 0 eski yedek silindi.
[2026-08-02 11:15:42] [INFO] --- YEDEKLEME BITTI ---
[2026-08-02 11:16:39] [INFO] --- YEDEKLEME BASLADI (tur: tam, vt: ersantrc_personel) ---
[2026-08-02 11:16:53] [INFO] Yedek olusturuldu: tam_ersantrc_personel_2026-08-02_12-16-39.sql.gz (7.84 MB, 390,597 satir, 13.8 sn)
[2026-08-02 11:16:53] [INFO] Rotasyon: 0 eski yedek silindi.
[2026-08-02 11:16:53] [INFO] --- YEDEKLEME BITTI ---
